// Jest Snapshot v1, https://goo.gl/fbAQLP

exports[`Component: CPLoading should match snapshot 1`] = `
<View
  style={
    [
      {
        "alignItems": "center",
        "flex": 1,
        "justifyContent": "center",
      },
      {
        "backgroundColor": "#FFD8C4",
      },
    ]
  }
>
  <ActivityIndicator
    color="#55443B"
    size="large"
  />
</View>
`;
