// Jest Snapshot v1, https://goo.gl/fbAQLP

exports[`Component: CPPetCarousel should match snapshot 1`] = `
<RCTScrollView
  collapsable={false}
  handlerTag={-1}
  handlerType="NativeViewGestureHandler"
  horizontal={true}
  onGestureHandlerEvent={[Function]}
  onGestureHandlerStateChange={[Function]}
  showsHorizontalScrollIndicator={false}
  style={
    {
      "marginBottom": 81.88616071428572,
      "marginTop": 66.99776785714286,
      "paddingLeft": 27.17391304347826,
    }
  }
>
  <View>
    <View
      style={
        {
          "justifyContent": "center",
        }
      }
    >
      <Text
        style={
          {
            "color": "#372C26",
            "fontFamily": "Poppins_300Light",
            "textAlign": "center",
            "width": 686.5942028985507,
          }
        }
      >
        Você ainda não possui nenhum pet
      </Text>
    </View>
  </View>
</RCTScrollView>
`;
