// Jest Snapshot v1, https://goo.gl/fbAQLP

exports[`Component: CPTextInput should match snapshot 1`] = `
<View>
  <Text
    style={
      [
        {
          "marginBottom": 7.444196428571429,
        },
        {
          "color": "#F5F5ED",
        },
      ]
    }
    testID="label"
  >
    nome
  </Text>
  <View
    style={
      [
        {
          "borderRadius": 15,
          "borderWidth": 1,
          "paddingBottom": 7.444196428571429,
          "paddingHorizontal": 27.17391304347826,
          "paddingTop": 13.399553571428573,
        },
        undefined,
        {
          "borderColor": "#F5F5ED",
          "borderWidth": 1,
        },
      ]
    }
  >
    <TextInput
      editable={true}
      onChangeText={[Function]}
      placeholderTextColor="#bebebe9a"
      secureTextEntry={false}
      style={
        [
          {
            "fontFamily": "Poppins_300Light",
            "fontSize": 18,
            "width": 543.4782608695652,
          },
          {
            "color": "#F5F5ED",
          },
        ]
      }
      value=""
    />
  </View>
</View>
`;
