// Jest Snapshot v1, https://goo.gl/fbAQLP

exports[`Component: CPNotification should match snapshot 1`] = `
<View
  accessibilityState={
    {
      "busy": undefined,
      "checked": undefined,
      "disabled": undefined,
      "expanded": undefined,
      "selected": undefined,
    }
  }
  accessibilityValue={
    {
      "max": undefined,
      "min": undefined,
      "now": undefined,
      "text": undefined,
    }
  }
  accessible={true}
  collapsable={false}
  focusable={true}
  onBlur={[Function]}
  onClick={[Function]}
  onFocus={[Function]}
  onResponderGrant={[Function]}
  onResponderMove={[Function]}
  onResponderRelease={[Function]}
  onResponderTerminate={[Function]}
  onResponderTerminationRequest={[Function]}
  onStartShouldSetResponder={[Function]}
  style={
    {
      "alignItems": "center",
      "backgroundColor": "#CAA18B",
      "flexDirection": "row",
      "justifyContent": "space-between",
      "padding": 27.17391304347826,
      "paddingTop": 63.40579710144928,
      "position": "absolute",
      "top": 0,
      "zIndex": 1,
    }
  }
>
  <View
    style={
      {
        "flex": 1,
      }
    }
  >
    <Text
      style={
        {
          "color": "#372C26",
          "fontFamily": "Poppins_600SemiBold",
          "fontSize": 14,
          "width": "92%",
        }
      }
    />
  </View>
  <View
    accessibilityState={
      {
        "busy": undefined,
        "checked": undefined,
        "disabled": undefined,
        "expanded": undefined,
        "selected": undefined,
      }
    }
    accessibilityValue={
      {
        "max": undefined,
        "min": undefined,
        "now": undefined,
        "text": undefined,
      }
    }
    accessible={true}
    collapsable={false}
    focusable={true}
    onBlur={[Function]}
    onClick={[Function]}
    onFocus={[Function]}
    onResponderGrant={[Function]}
    onResponderMove={[Function]}
    onResponderRelease={[Function]}
    onResponderTerminate={[Function]}
    onResponderTerminationRequest={[Function]}
    onStartShouldSetResponder={[Function]}
    style={
      {
        "padding": 5.434782608695652,
      }
    }
  >
    <Image
      source={
        {
          "testUri": "../../../src/assets/icons/close.png",
        }
      }
      style={
        {
          "height": 14.492753623188406,
          "width": 14.492753623188406,
        }
      }
    />
  </View>
</View>
`;
