// Jest Snapshot v1, https://goo.gl/fbAQLP

exports[`Component: CPHeader should match snapshot 1`] = `
<View
  style={
    [
      {
        "flexDirection": "row",
        "justifyContent": "space-between",
        "paddingHorizontal": 27.17391304347826,
      },
      {
        "backgroundColor": "#FFD8C4",
      },
    ]
  }
>
  <View
    accessibilityState={
      {
        "busy": undefined,
        "checked": undefined,
        "disabled": undefined,
        "expanded": undefined,
        "selected": undefined,
      }
    }
    accessibilityValue={
      {
        "max": undefined,
        "min": undefined,
        "now": undefined,
        "text": undefined,
      }
    }
    accessible={true}
    collapsable={false}
    focusable={true}
    onBlur={[Function]}
    onClick={[Function]}
    onFocus={[Function]}
    onResponderGrant={[Function]}
    onResponderMove={[Function]}
    onResponderRelease={[Function]}
    onResponderTerminate={[Function]}
    onResponderTerminationRequest={[Function]}
    onStartShouldSetResponder={[Function]}
  >
    <Image
      source={
        {
          "testUri": "../../../src/assets/icons/menu-dark.png",
        }
      }
      style={
        {
          "height": 30,
          "width": 30,
        }
      }
    />
  </View>
</View>
`;
